2024-08-19 09:45:39 Loading main app package /tmp/.mount_ObsidikM4oeL/resources/obsidian.asar
2024-08-19 09:45:40 Checking for update using Github
2024-08-19 09:45:40 Success.
2024-08-19 09:45:40 Latest version is 1.6.7
2024-08-19 09:45:40 App is up to date.
2024-08-19 09:46:10 Loading main app package /tmp/.mount_noteJHWcum/resources/obsidian.asar
2024-08-19 09:46:10 Checking for update using Github
2024-08-19 09:46:10 Success.
2024-08-19 09:46:10 Latest version is 1.6.7
2024-08-19 09:46:10 App is up to date.
2024-08-19 09:46:15 Loading main app package /tmp/.mount_notexTvuuV/resources/obsidian.asar
2024-08-19 09:46:16 Checking for update using Github
2024-08-19 09:46:16 Success.
2024-08-19 09:46:16 Latest version is 1.6.7
2024-08-19 09:46:16 App is up to date.
2024-08-19 09:47:16 Loading main app package /tmp/.mount_noteckCla5/resources/obsidian.asar
2024-08-19 09:47:16 Checking for update using Github
2024-08-19 09:47:16 Success.
2024-08-19 09:47:16 Latest version is 1.6.7
2024-08-19 09:47:16 App is up to date.
2024-08-19 09:47:22 Loading main app package /tmp/.mount_notey4NBzr/resources/obsidian.asar
2024-08-19 09:47:23 Checking for update using Github
2024-08-19 09:47:23 Success.
2024-08-19 09:47:23 Latest version is 1.6.7
2024-08-19 09:47:23 App is up to date.
